[requid.com/index.html]
[chimpstatic.com/mcjs-connected/js/users/1536e9d95b19a53a8ec8d355d/4054a5cc208b9f56eded34d32.js]
[backblue.gif]
[fade.gif]
[index.html]
[requid.com/wp-content/uploads/2019/09/Group-2-iiie577.png]
[requid.com/wp-content/themes/thegem/css/thegem-preloader6e7a.css]
[requid.com/wp-content/themes/thegem/css/thegem-reset6e7a.css]
[requid.com/wp-content/themes/thegem/css/thegem-grid6e7a.css]
[requid.com/wp-content/themes/thegem/style6e7a.css]
[requid.com/wp-content/themes/thegem/css/thegem-header6e7a.css]
[requid.com/wp-content/themes/thegem/css/thegem-widgets6e7a.css]
[requid.com/comments/feed/index.html]
[requid.com/feed/index.html]
[requid.com/wp-content/themes/thegem/css/thegem-new-css6e7a.css]
[requid.com/wp-content/themes/thegem/css/thegem-perevazka-css6e7a.css]
[requid.com/wp-content/themes/thegem/css/custom-dEETWx516e7a.css]
[requid.com/wp-content/plugins/js_composer/assets/css/js_composer.min52c7.css]
[requid.com/wp-content/themes/thegem/css/thegem-additional-blog-16e7a.css]
[requid.com/wp-content/themes/thegem/js/fancyBox/jquery.fancybox.min6e7a.css]
[requid.com/wp-content/themes/thegem/css/thegem-vc_elements6e7a.css]
[requid.com/wp-includes/css/dist/block-library/style.min6e7a.css]
[requid.com/wp-content/plugins/contact-form-7-style/css/frontend3a79.css]
[requid.com/wp-content/plugins/contact-form-7-style/css/responsive3a79.css]
[requid.com/wp-content/plugins/contact-form-7/includes/css/styles58e0.css]
[requid.com/wp-content/plugins/lbg_countdown_pro_addon_visual_composer/circular_countdown/circularCountdown6e7a.css]
[requid.com/wp-content/plugins/revslider/public/assets/css/rs642c6.css]
[requid.com/wp-content/themes/thegem/css/thegem-js_composer_columns6e7a.css]
[requid.com/wp-content/themes/thegem/js/thegem-settings-init6e7a.js]
[requid.com/wp-content/themes/thegem/js/thegem-fullwidth-loader6e7a.js]
[requid.com/wp-includes/js/jquery/jquery4a5f.js]
[requid.com/wp-includes/js/jquery/jquery-migrate.min330a.js]
[requid.com/wp-content/plugins/lbg_countdown_pro_addon_visual_composer/circular_countdown/js/circularCountdown6e7a.js]
[requid.com/wp-content/plugins/revslider/public/assets/js/revolution.tools.minf049.js]
[requid.com/wp-content/plugins/revslider/public/assets/js/rs6.min42c6.js]
[requid.com/wp-content/plugins/zilla-likes/scripts/zilla-likes6e7a.js]
[requid.com/xmlrpc0db0.php]
[requid.com/wp-includes/wlwmanifest.xml]
[requid.com/wp-json/index.html]
[requid.com/wp-json/oembed/1.0/embed48c6.json]
[requid.com/wp-json/oembed/1.0/embed081a]
[connect.facebook.net/en_US/fbevents.js]
[requid.com/wp-content/uploads/2019/09/reQuid-Logo.png]
[requid.com/wp-content/uploads/thegem-logos/logo_f58e79349c68b9872fba8e89c9890a94_1x.png]
[requid.com/wp-content/uploads/2019/12/requid-eko-landscape.png]
[requid.com/wp-content/uploads/2019/10/requid-banner-market.png]
[requid.com/wp-content/uploads/2019/10/requid-ban-invest.png]
[requid.com/wp-content/uploads/2019/10/requid-banner-sell.png]
[requid.com/wp-content/uploads/2019/10/requid-ban-5k.png]
[requid.com/wp-content/uploads/2020/01/teamapt-requid.png]
[requid.com/wp-content/uploads/2020/01/paystack-requid.png]
[requid.com/wp-content/uploads/2020/01/united-capital-requid.png]
[requid.com/wp-content/uploads/2020/01/zenith-nominees-requid.png]
[requid.com/wp-content/uploads/2019/10/Devices.png]
[requid.com/wp-content/plugins/js_composer/assets/lib/bower/animate-css/animate.min52c7.css]
[requid.com/wp-content/themes/thegem/js/jquery.dlmenu6e7a.js]
[requid.com/wp-content/themes/thegem/js/thegem-menu_init6e7a.js]
[requid.com/wp-content/themes/thegem/js/svg4everybody6e7a.js]
[requid.com/wp-content/themes/thegem/js/thegem-form-elements6e7a.js]
[requid.com/wp-content/themes/thegem/js/jquery.easing6e7a.js]
[requid.com/wp-content/themes/thegem/js/thegem-header6e7a.js]
[requid.com/wp-content/themes/thegem/js/SmoothScroll6e7a.js]
[requid.com/wp-content/themes/thegem/js/functions6e7a.js]
[requid.com/wp-content/themes/thegem/js/fancyBox/jquery.mousewheel.pack6e7a.js]
[requid.com/wp-content/themes/thegem/js/fancyBox/jquery.fancybox.min6e7a.js]
[requid.com/wp-content/themes/thegem/js/fancyBox/jquery.fancybox-init6e7a.js]
[requid.com/wp-content/plugins/contact-form-7-style/js/frontend-min3a79.js]
[requid.com/wp-content/plugins/contact-form-7/includes/js/scripts58e0.js]
[requid.com/wp-includes/js/wp-embed.min6e7a.js]
[requid.com/wp-content/plugins/js_composer/assets/js/dist/js_composer_front.min52c7.js]
[requid.com/wp-content/plugins/js_composer/assets/lib/vc_waypoints/vc-waypoints.min52c7.js]
[requid.com/index.html]
[requid.com/xmlrpc.php]
[requid.com/wp-content/themes/thegem/css/thegem-preloader6e7a.css]
[requid.com/wp-content/themes/thegem/css/thegem-reset6e7a.css]
[requid.com/wp-content/themes/thegem/css/thegem-grid6e7a.css]
[requid.com/wp-content/themes/thegem/js/isotope.min6e7a.js]
[requid.com/wp-content/themes/thegem/fonts/thegem-icons.eot]
[requid.com/wp-content/themes/thegem/fonts/thegem-iconsd41d.eot]
[requid.com/wp-content/themes/thegem/fonts/thegem-icons.woff]
[requid.com/wp-content/themes/thegem/fonts/thegem-icons.ttf]
[requid.com/wp-content/themes/thegem/fonts/thegem-icons.svg]
[requid.com/wp-content/themes/thegem/fonts/thegem-socials.eot]
[requid.com/wp-content/themes/thegem/fonts/thegem-socialsd41d.eot]
[requid.com/wp-content/themes/thegem/fonts/thegem-socials.ttf]
[requid.com/wp-content/themes/thegem/fonts/thegem-socials.woff]
[requid.com/wp-content/themes/thegem/fonts/thegem-socials.svg]
[requid.com/wp-content/themes/thegem/css/grayscale.svg]
[requid.com/wp-content/themes/thegem/images/preloader-1.gif]
[requid.com/wp-content/themes/thegem/css/circle.svg]
[requid.com/wp-content/themes/thegem/images/map-locker.png]
[requid.com/wp-content/themes/thegem/images/divider-zigzag.png]
[requid.com/wp-content/themes/thegem/images/divider-wave.png]
[requid.com/wp-content/themes/thegem/css/rounded.svg]
[requid.com/wp-content/themes/images/mouse_icon.png]
[requid.com/wp-content/themes/thegem/style6e7a.css]
[requid.com/wp-content/themes/thegem/css/thegem-header6e7a.css]
[requid.com/wp-content/themes/thegem/images/default-avatar.png]
[requid.com/wp-content/themes/thegem/css/thegem-widgets6e7a.css]
[requid.com/wp-content/themes/thegem/css/thegem-new-css6e7a.css]
[requid.com/wp-content/themes/thegem/css/thegem-perevazka-css6e7a.css]
[requid.com/wp-content/themes/thegem/fonts/montserrat-ultralight.eot]
[requid.com/wp-content/themes/thegem/fonts/montserrat-ultralightd41d.eot]
[requid.com/wp-content/themes/thegem/fonts/montserrat-ultralight.woff]
[requid.com/wp-content/themes/thegem/fonts/montserrat-ultralight.ttf]
[requid.com/wp-content/themes/thegem/fonts/montserrat-ultralight.svg]
[requid.com/wp-content/themes/thegem/images/preloader-2.gif]
[requid.com/wp-content/themes/thegem/images/mouse_icon.png]
[requid.com/wp-content/themes/thegem/css/custom-dEETWx516e7a.css]
[requid.com/wp-content/plugins/js_composer/assets/vc/alert.png]
[requid.com/wp-content/plugins/js_composer/assets/vc/info.png]
[requid.com/wp-content/plugins/js_composer/assets/vc/tick.png]
[requid.com/wp-content/plugins/js_composer/assets/vc/exclamation.png]
[requid.com/wp-content/plugins/js_composer/assets/images/icons/address-book.png]
[requid.com/wp-content/plugins/js_composer/assets/images/icons/alarm-clock.png]
[requid.com/wp-content/plugins/js_composer/assets/images/icons/anchor.png]
[requid.com/wp-content/plugins/js_composer/assets/images/icons/application-image.png]
[requid.com/wp-content/plugins/js_composer/assets/images/icons/arrow.png]
[requid.com/wp-content/plugins/js_composer/assets/images/icons/asterisk.png]
[requid.com/wp-content/plugins/js_composer/assets/images/icons/auction-hammer.png]
[requid.com/wp-content/plugins/js_composer/assets/images/icons/balloon.png]
[requid.com/wp-content/plugins/js_composer/assets/images/icons/balloon-buzz.png]
[requid.com/wp-content/plugins/js_composer/assets/images/icons/balloon-facebook.png]
[requid.com/wp-content/plugins/js_composer/assets/images/icons/balloon-twitter.png]
[requid.com/wp-content/plugins/js_composer/assets/images/icons/battery-full.png]
[requid.com/wp-content/plugins/js_composer/assets/images/icons/binocular.png]
[requid.com/wp-content/plugins/js_composer/assets/images/icons/blue-document-excel.png]
[requid.com/wp-content/plugins/js_composer/assets/images/icons/blue-document-image.png]
[requid.com/wp-content/plugins/js_composer/assets/images/icons/blue-document-music.png]
[requid.com/wp-content/plugins/js_composer/assets/images/icons/blue-document-office.png]
[requid.com/wp-content/plugins/js_composer/assets/images/icons/blue-document-pdf.png]
[requid.com/wp-content/plugins/js_composer/assets/images/icons/blue-document-powerpoint.png]
[requid.com/wp-content/plugins/js_composer/assets/images/icons/blue-document-word.png]
[requid.com/wp-content/plugins/js_composer/assets/images/icons/bookmark.png]
[requid.com/wp-content/plugins/js_composer/assets/images/icons/camcorder.png]
[requid.com/wp-content/plugins/js_composer/assets/images/icons/camera.png]
[requid.com/wp-content/plugins/js_composer/assets/images/icons/chart.png]
[requid.com/wp-content/plugins/js_composer/assets/images/icons/chart-pie.png]
[requid.com/wp-content/plugins/js_composer/assets/images/icons/clock.png]
[requid.com/wp-content/plugins/js_composer/assets/images/icons/control.png]
[requid.com/wp-content/plugins/js_composer/assets/images/icons/fire.png]
[requid.com/wp-content/plugins/js_composer/assets/images/icons/heart.png]
[requid.com/wp-content/plugins/js_composer/assets/images/icons/mail.png]
[requid.com/wp-content/plugins/js_composer/assets/images/icons/plus-shield.png]
[requid.com/wp-content/plugins/js_composer/assets/images/icons/video.png]
[requid.com/wp-content/plugins/js_composer/assets/fonts/vc_icons_v2/fonts/vcpb-plugin-iconsb82a.eot]
[requid.com/wp-content/plugins/js_composer/assets/fonts/vc_icons_v2/fonts/vcpb-plugin-iconsb82a.ttf]
[requid.com/wp-content/plugins/js_composer/assets/fonts/vc_icons_v2/fonts/vcpb-plugin-iconsb82a.woff]
[requid.com/wp-content/plugins/js_composer/assets/fonts/vc_icons_v2/fonts/vcpb-plugin-iconsb82a.svg]
[requid.com/wp-content/plugins/js_composer/assets/images/toggle_open.png]
[requid.com/wp-content/plugins/js_composer/assets/images/toggle_close.png]
[requid.com/wp-content/plugins/js_composer/assets/images/flickr.png]
[requid.com/wp-content/plugins/js_composer/assets/vc/blur.svg]
[requid.com/wp-content/plugins/js_composer/assets/fonts/vc_grid/vc_grid_v157a1.eot]
[requid.com/wp-content/plugins/js_composer/assets/fonts/vc_grid/vc_grid_v1d41d.eot]
[requid.com/wp-content/plugins/js_composer/assets/fonts/vc_grid/vc_grid_v157a1.woff]
[requid.com/wp-content/plugins/js_composer/assets/fonts/vc_grid/vc_grid_v157a1.ttf]
[requid.com/wp-content/plugins/js_composer/assets/fonts/vc_grid/vc_grid_v157a1.svg]
[requid.com/wp-content/plugins/js_composer/assets/images/spinner.gif]
[requid.com/wp-content/plugins/js_composer/assets/vc/remove.png]
[requid.com/wp-content/plugins/js_composer/assets/css/js_composer.min52c7.css]
[requid.com/wp-content/themes/thegem/css/thegem-additional-blog-16e7a.css]
[requid.com/wp-content/themes/thegem/js/fancyBox/jquery.fancybox.min6e7a.css]
[requid.com/wp-content/themes/thegem/images/admin-images/portfolio-dummy.png]
[requid.com/wp-content/themes/thegem/images/admin-images/products-dummy.png]
[requid.com/wp-content/themes/thegem/images/admin-images/testimonials-dummy.png]
[requid.com/wp-content/themes/thegem/images/admin-images/countdown-dummy.png]
[requid.com/wp-content/themes/thegem/images/admin-images/blog-dummy.png]
[requid.com/wp-content/themes/thegem/images/admin-images/blog-extended-dummy.png]
[requid.com/wp-content/themes/thegem/images/admin-images/featured-posts-slider-dummy.png]
[requid.com/wp-content/themes/thegem/images/admin-images/gallery-dummy.png]
[requid.com/wp-content/themes/thegem/images/admin-images/diagram-dummy.png]
[requid.com/wp-content/themes/thegem/images/admin-images/clients-dummy.png]
[requid.com/wp-content/themes/thegem/images/admin-images/counter-dummy.png]
[requid.com/wp-content/themes/thegem/images/admin-images/instagram-dummy.png]
[requid.com/wp-content/themes/thegem/css/thegem-vc_elements6e7a.css]
[requid.com/wp-includes/css/dist/block-library/style.min6e7a.css]
[requid.com/wp-content/plugins/contact-form-7-style/images/vday-classic/hearted-bg.png]
[requid.com/wp-content/plugins/contact-form-7-style/images/vday-classic/big-heart.png]
[requid.com/wp-content/plugins/contact-form-7-style/images/vday-rose/rose-bg-50percent.png]
[requid.com/wp-content/plugins/contact-form-7-style/images/vday-rose/contact-bg.png]
[requid.com/wp-content/plugins/contact-form-7-style/images/vday-birds/bg-middle.png]
[requid.com/wp-content/plugins/contact-form-7-style/images/vday-birds/bg-top.png]
[requid.com/wp-content/plugins/contact-form-7-style/images/vday-birds/bg-bottom.png]
[requid.com/wp-content/plugins/contact-form-7-style/images/vday-blue-birds/submit.png]
[requid.com/wp-content/plugins/contact-form-7-style/images/vday-blue-birds/pattern.jpg]
[requid.com/wp-content/plugins/contact-form-7-style/images/vday-blue-birds/header.png]
[requid.com/wp-content/plugins/contact-form-7-style/images/vday-blue-birds/footer.png]
[requid.com/wp-content/plugins/contact-form-7-style/images/xmas-classic/bg-repeat.png]
[requid.com/wp-content/plugins/contact-form-7-style/images/xmas-classic/top_border.png]
[requid.com/wp-content/plugins/contact-form-7-style/images/xmas-classic/left_part_bg.png]
[requid.com/wp-content/plugins/contact-form-7-style/images/xmas-classic/bottombg.png]
[requid.com/wp-content/plugins/contact-form-7-style/images/xmas-red/middle.png]
[requid.com/wp-content/plugins/contact-form-7-style/images/xmas-red/header.png]
[requid.com/wp-content/plugins/contact-form-7-style/images/xmas-red/footer.png]
[requid.com/wp-content/plugins/contact-form-7-style/images/xmas-red/send.png]
[requid.com/wp-content/plugins/contact-form-7-style/images/xmas-red/radio.png]
[requid.com/wp-content/plugins/contact-form-7-style/images/xmas-simple/middle.png]
[requid.com/wp-content/plugins/contact-form-7-style/images/xmas-simple/header.png]
[requid.com/wp-content/plugins/contact-form-7-style/images/xmas-simple/footer.png]
[requid.com/wp-content/plugins/contact-form-7-style/images/xmas-simple/ribbon.png]
[requid.com/wp-content/plugins/contact-form-7-style/css/frontend3a79.css]
[requid.com/wp-content/plugins/contact-form-7-style/css/responsive3a79.css]
[requid.com/wp-content/plugins/contact-form-7/images/ajax-loader.gif]
[requid.com/wp-content/plugins/contact-form-7/includes/css/styles58e0.css]
[requid.com/wp-content/plugins/lbg_countdown_pro_addon_visual_composer/circular_countdown/circularCountdown6e7a.css]
[requid.com/wp-content/plugins/revslider/public/assets/fonts/revicons/revicons90c6.eot]
[requid.com/wp-content/plugins/revslider/public/assets/fonts/revicons/revicons90c6.woff]
[requid.com/wp-content/plugins/revslider/public/assets/fonts/revicons/revicons90c6.ttf]
[requid.com/wp-content/plugins/revslider/public/assets/fonts/revicons/revicons90c6.svg]
[requid.com/wp-content/plugins/revslider/public/assets/assets/gridtile.png]
[requid.com/wp-content/plugins/revslider/public/assets/assets/gridtile_white.png]
[requid.com/wp-content/plugins/revslider/public/assets/assets/gridtile_3x3.png]
[requid.com/wp-content/plugins/revslider/public/assets/assets/gridtile_3x3_white.png]
[requid.com/wp-content/plugins/revslider/public/assets/assets/coloredbg.png]
[requid.com/wp-content/plugins/revslider/public/assets/assets/loader.gif]
[requid.com/wp-content/plugins/revslider/public/assets/css/rs642c6.css]
[requid.com/wp-content/themes/thegem/css/thegem-js_composer_columns6e7a.css]
[connect.facebook.net/en_US/fbevents.js]
[requid.com/wp-content/plugins/js_composer/assets/lib/bower/animate-css/animate.min52c7.css]
[requid.com/wp-content/themes/thegem/fonts/thegem-icons.svg]
[requid.com/wp-content/themes/thegem/fonts/thegem-socials.svg]
[requid.com/wp-content/themes/thegem/css/grayscale.svg]
[requid.com/wp-content/themes/thegem/css/circle.svg]
[requid.com/wp-content/themes/thegem/css/rounded.svg]
[requid.com/wp-content/themes/images/mouse_icon.html]
[requid.com/wp-content/themes/thegem/fonts/montserrat-ultralight.svg]
[requid.com/wp-content/plugins/js_composer/assets/fonts/vc_icons_v2/fonts/vcpb-plugin-iconsb82a.svg]
[requid.com/wp-content/plugins/js_composer/assets/vc/blur.svg]
[requid.com/wp-content/plugins/js_composer/assets/fonts/vc_grid/vc_grid_v157a1.svg]
[requid.com/wp-content/plugins/revslider/public/assets/fonts/revicons/revicons90c6.svg]
[requid.com/wp-content/plugins/revslider/public/assets/css/openhand.html]
[requid.com/wp-content/plugins/revslider/public/assets/css/closedhand.html]
[requid.com/post-with-gallery-slider/index.html]
[requid.com/wp-json/oembed/1.0/embede295.json]
[requid.com/post-with-gallery-slider/feed/index.html]
[requid.com/wp-json/oembed/1.0/embedeaf1]
[democontent.codex-themes.com/thegem-apps/wp-content/uploads/2016/03/rectangle-10.c3.delayed]
[requid.com/wp-content/uploads/2016/03/c.jpg]
[requid.com/category/events/index.html]
[requid.com/wp-content/uploads/2016/03/c-thegem-blog-default.jpg]
[requid.com/wp-content/uploads/2016/03/b.jpg]
[requid.com/wp-content/uploads/2016/03/b-thegem-blog-default.jpg]
[requid.com/wp-content/uploads/2016/03/a.jpg]
[requid.com/wp-content/uploads/2016/03/a-thegem-blog-default.jpg]
[requid.com/wp-content/uploads/2016/04/testimonial-team-thegem-person-160.jpg]
[requid.com/cdn-cgi/l/email-protection.html]
[requid.com/quated-post/index.html]
[requid.com/fullwidth-post-sample/index.html]
[requid.com/category/finance/index.html]
[requid.com/tag/development/index.html]
[requid.com/tag/finance/index.html]
[requid.com/author/q9p4h1e8ot/index.html]
[requid.com/wp-content/uploads/2016/04/dummy-post-horisontal-256x256.jpg]
[requid.com/sticky-blog-post/index.html]
[requid.com/wp-content/uploads/2016/04/dummy-post-square-1-256x256.jpg]
[requid.com/cdn-cgi/scripts/5c5dd728/cloudflare-static/email-decode.min.js]
[requid.com/post-with-gallery-slider-2/index.html]
[requid.com/blog-post-3/index.html]
[requid.com/quote-post/index.html]
[requid.com/wp-content/themes/thegem/css/icons-elegant6e7a.css]
[requid.com/100-width-galleries-post-2/index.html]
[requid.com/post-with-gallery-slider-3/index.html]
[requid.com/wp-content/themes/thegem/css/icons-material6e7a.css]
[requid.com/fullwidth-post-sample-4/index.html]
[requid.com/post-with-gallery-slider-8/index.html]
[requid.com/wp-content/themes/thegem/css/thegem-hovers6e7a.css]
[requid.com/100-width-galleries-post-5/index.html]
[requid.com/100-width-galleries-post/index.html]
[requid.com/wp-content/themes/thegem/css/thegem-itemsAnimations6e7a.css]
[requid.com/text-blog-post/index.html]
[requid.com/quote-post-2/index.html]
[requid.com/wp-includes/js/mediaelement/mediaelementplayer-legacy.min45a0.css]
[requid.com/blog-post-left-sidebar/index.html]
[requid.com/wp-content/themes/thegem/css/wp-mediaelement6e7a.css]
[requid.com/wp-content/themes/thegem/css/thegem-blog6e7a.css]
[requid.com/wp-content/themes/thegem/js/jquery.touchSwipe.min6e7a.js]
[requid.com/wp-content/themes/thegem/js/jquery.carouFredSel6e7a.js]
[requid.com/wp-content/themes/thegem/js/thegem-scrollMonitor6e7a.js]
[requid.com/wp-content/themes/thegem/js/thegem-gallery6e7a.js]
[requid.com/wp-content/themes/thegem/js/thegem-team-hover6e7a.js]
[requid.com/post-with-gallery-slider/index.html]
[requid.com/indexb478.html]
[democontent.codex-themes.com/thegem-apps/wp-content/uploads/2016/03/rectangle-10.html]
[requid.com/wp-content/themes/thegem/js/thegem-related-posts-carousel6e7a.js]
[requid.com/wp-content/uploads/2016/04/dummy-post-horisontal-thegem-blog-default-large.jpg]
[requid.com/wp-content/themes/thegem/css/post-arrow.svg]
[requid.com/wp-content/uploads/2016/03/c-thegem-blog-default-large.jpg]
[requid.com/category/events/feed/index.html]
[requid.com/blogpost-default-sidebar/index.html]
[requid.com/category/multimedia/index.html]
[requid.com/wp-content/uploads/2016/03/b-thegem-blog-default-large.jpg]
[requid.com/wp-content/uploads/2016/03/a-thegem-blog-default-large.jpg]
[requid.com/post-with-video-lightbox/index.html]
[requid.com/wp-content/themes/thegem/css/thegem-additional-blog6e7a.css]
[requid.com/category/videos/index.html]
[requid.com/blog-post-right-sidebar/index.html]
[requid.com/category/mountains/index.html]
[requid.com/wp-content/themes/thegem/css/thegem-blog-timeline-new6e7a.css]
[requid.com/wp-content/themes/thegem/js/thegem-itemsAnimations6e7a.js]
[requid.com/fullwidth-post/index.html]
[requid.com/wp-includes/js/mediaelement/mediaelement-and-player.min45a0.js]
[requid.com/wp-includes/js/mediaelement/mediaelement-migrate.min6e7a.js]
[requid.com/wp-content/themes/thegem/js/thegem-mediaelement6e7a.js]
[requid.com/wp-content/themes/thegem/js/thegem-blog-core6e7a.js]
[requid.com/category/events/index.html]
[requid.com/wp-content/themes/thegem/js/thegem-blog6e7a.js]
[requid.com/wp-content/uploads/2016/03/3-95128.jpg]
[requid.com/wp-json/oembed/1.0/embed5fce.json]
[requid.com/fullwidth-post-sample/feed/index.html]
[requid.com/wp-json/oembed/1.0/embed45e7]
[democontent.codex-themes.com/thegem-apps/wp-content/uploads/2016/03/Fullwidth-Post-Sample-header.ec.delayed]
[requid.com/wp-content/uploads/2016/03/9-7-thegem-gallery-justified.jpg]
[requid.com/wp-content/uploads/2016/03/9-7.jpg]
[requid.com/wp-content/uploads/2016/03/7-8-thegem-gallery-justified.jpg]
[requid.com/wp-content/uploads/2016/03/7-8.jpg]
[requid.com/wp-content/uploads/2016/03/2-9-thegem-gallery-justified.jpg]
[requid.com/wp-content/uploads/2016/03/2-9.jpg]
[requid.com/wp-content/uploads/2016/03/5-8-thegem-gallery-justified.jpg]
[requid.com/wp-content/uploads/2016/03/5-8.jpg]
[requid.com/wp-content/themes/thegem/css/hovers/thegem-hovers-default6e7a.css]
[requid.com/wp-content/themes/thegem/css/gallery6e7a.css]
[requid.com/tag/media/index.html]
[requid.com/tag/webdesign/index.html]
[requid.com/sticky-blog-post-3/index.html]
[requid.com/fullwidth-post-sample/index.html]
[requid.com/wp-content/themes/thegem/js/isotope-masonry-custom6e7a.js]
[requid.com/blog-post-left-sidebar-5/index.html]
[requid.com/single-post/index.html]
[requid.com/post-with-gallery-slider-6/index.html]
[requid.com/sticky-blog-post-2/index.html]
[requid.com/100-width-galleries-post-4/index.html]
[requid.com/wp-json/oembed/1.0/embed514d.json]
[requid.com/single-post-4/index.html]
[requid.com/blog-post-left-sidebar-2/index.html]
[requid.com/fullwidth-post-sample-5/index.html]
[requid.com/wp-json/oembed/1.0/embed7e03]
[requid.com/quated-post/index.html]
[requid.com/quote-post-4/index.html]
[requid.com/quated-post/feed/index.html]
[requid.com/category/finance/index.html]
[requid.com/fullwidth-post-sample-3/index.html]
[requid.com/cdn-cgi/l/email-protection.html]
[requid.com/100-width-galleries-post-3/index.html]
[requid.com/category/finance/feed/index.html]
[requid.com/wp-content/uploads/2016/03/5-6.jpg]
[requid.com/tag/development/feed/index.html]
[requid.com/tag/development/page/2/index.html]
[requid.com/wp-content/uploads/2016/03/5-6-thegem-blog-default-large.jpg]
[requid.com/blog-post-2/index.html]
[requid.com/category/nature/index.html]
[requid.com/wp-content/uploads/2016/03/3-7.jpg]
[requid.com/category/wordpress/index.html]
[requid.com/wp-content/uploads/2016/03/3-7-thegem-blog-default-large.jpg]
[requid.com/wp-content/uploads/2016/03/8-8.jpg]
[requid.com/wp-content/uploads/2016/03/8-8-thegem-blog-default-large.jpg]
[requid.com/wp-content/uploads/2016/04/dummy-post-square-1-thegem-blog-default-large.jpg]
[requid.com/tag/development/index.html]
[requid.com/tag/finance/index.html]
[requid.com/category/fashion/index.html]
[requid.com/category/development/index.html]
[requid.com/blog-post-left-sidebar-4/index.html]
[requid.com/category/shop/index.html]
[requid.com/tag/development/page/4/index.html]
[requid.com/wp-content/uploads/2016/04/dummy-post-vertical-1-thegem-blog-default-large.jpg]
[requid.com/author/q9p4h1e8ot/index.html]
[requid.com/tag/finance/feed/index.html]
[requid.com/tag/finance/page/2/index.html]
[requid.com/author/q9p4h1e8ot/feed/index.html]
[requid.com/tag/finance/page/3/index.html]
[requid.com/author/q9p4h1e8ot/page/2/index.html]
[requid.com/business-post-4/index.html]
[requid.com/wp-json/oembed/1.0/embedc4fb.json]
[requid.com/category/business-04/index.html]
[requid.com/business-post-3/index.html]
[requid.com/wp-json/oembed/1.0/embed5f48]
[requid.com/business-post-5/index.html]
[requid.com/wp-content/uploads/2016/04/dummy-post-horisontal-thegem-blog-default.jpg]
[requid.com/blog-post-right-sidebar-5/index.html]
[requid.com/author/q9p4h1e8ot/page/5/index.html]
[requid.com/sticky-blog-post/feed/index.html]
[requid.com/wp-login.html]
[requid.com/wp-includes/js/comment-reply.min6e7a.js]
[requid.com/category/web/index.html]
[requid.com/wp-content/themes/thegem/js/portfolio-grid-carousel6e7a.js]
[requid.com/sticky-blog-post/index.html]
[requid.com/20-2/index.html]
[requid.com/online-casinos-why-you-should-consider-it182/index.html]
[requid.com/online-casinos-why-you-should-consider-it330/index.html]
[requid.com/2020/04/index.html]
[requid.com/2020/02/index.html]
[requid.com/2016/03/index.html]
[requid.com/2020/01/index.html]
[requid.com/wp-json/oembed/1.0/embed38dc.json]
[requid.com/2015/12/index.html]
[requid.com/2016/01/index.html]
[requid.com/2015/10/index.html]
[requid.com/2015/11/index.html]
[requid.com/wp-json/oembed/1.0/embedd866]
[requid.com/2015/08/index.html]
[requid.com/2015/09/index.html]
[requid.com/2014/10/index.html]
[requid.com/2014/09/index.html]
[requid.com/2014/03/index.html]
[requid.com/2014/01/index.html]
[requid.com/2012/03/index.html]
[requid.com/category/blog/index.html]
[requid.com/category/news_post/index.html]
[requid.com/category/plannig/index.html]
[requid.com/category/splash-creative-light/index.html]
[requid.com/category/uncategorized/index.html]
[requid.com/category/web-standards/index.html]
[requid.com/tag/events/index.html]
[requid.com/tag/mountains/index.html]
[requid.com/tag/multimedia/index.html]
[requid.com/tag/nature/index.html]
[requid.com/tag/travelling/index.html]
[requid.com/post-with-gallery-slider-2/feed/index.html]
[requid.com/wp-content/uploads/2016/04/dummy-post-vertical-1-256x256.jpg]
[requid.com/post-with-gallery-slider-2/index.html]
[requid.com/fullwidth-post-sample-2/index.html]
[requid.com/blog-post-left-sidebar-3/index.html]
[requid.com/single-post-5/index.html]
[requid.com/blog-post-3/feed/index.html]
[requid.com/blog-post/index.html]
[requid.com/wp-json/oembed/1.0/embed049e.json]
[requid.com/wp-json/oembed/1.0/embedc459]
[requid.com/wp-content/uploads/2016/04/dummy-post-square-1-thegem-blog-default.jpg]
[requid.com/blog-post-3/index.html]
[requid.com/wp-json/oembed/1.0/embed0d9e.json]
[requid.com/quote-post/feed/index.html]
[requid.com/quote-post/index.html]
[requid.com/wp-json/oembed/1.0/embedd2d6]
[requid.com/100-width-galleries-post-2/feed/index.html]
[requid.com/wp-json/oembed/1.0/embed8d73.json]
[requid.com/wp-json/oembed/1.0/embed292a]
[democontent.codex-themes.com/thegem-apps/wp-content/themes/TheGem/images/backgrounds/title/10.112.delayed]
[requid.com/100-width-galleries-post-2/index.html]
[requid.com/wp-content/themes/thegem/js/isotope_layout_metro6e7a.js]
[requid.com/blog-post-right-sidebar-2/index.html]
[requid.com/post-with-gallery-slider-3/feed/index.html]
[requid.com/wp-json/oembed/1.0/embed6f54.json]
[requid.com/wp-json/oembed/1.0/embed733a]
[requid.com/wp-content/uploads/2016/02/9-1.jpg]
[requid.com/wp-content/uploads/2016/02/9-1-thegem-blog-default.jpg]
[requid.com/wp-content/uploads/2016/02/8-3.jpg]
[requid.com/wp-content/uploads/2016/02/8-3-thegem-blog-default.jpg]
[requid.com/wp-content/uploads/2016/02/3-9.jpg]
[requid.com/wp-content/uploads/2016/02/3-9-thegem-blog-default.jpg]
[requid.com/post-with-gallery-slider-3/index.html]
[requid.com/wp-json/oembed/1.0/embed3c02.json]
[requid.com/fullwidth-post-sample-4/feed/index.html]
[requid.com/fullwidth-post-sample-4/index.html]
[requid.com/wp-json/oembed/1.0/embedf56c]
[requid.com/post-with-gallery-slider-8/feed/index.html]
[requid.com/wp-json/oembed/1.0/embede332.json]
[requid.com/post-with-video-lightbox-7/index.html]
[requid.com/post-with-gallery-slider-8/index.html]
[requid.com/wp-json/oembed/1.0/embede4fe]
[requid.com/100-width-galleries-post-5/feed/index.html]
[requid.com/wp-json/oembed/1.0/embed99de.json]
[requid.com/100-width-galleries-post-5/index.html]
[requid.com/wp-json/oembed/1.0/embed260a]
[requid.com/wp-json/oembed/1.0/embed58b8.json]
[requid.com/100-width-galleries-post/feed/index.html]
[requid.com/100-width-galleries-post/index.html]
[requid.com/wp-json/oembed/1.0/embed5a2c]
[requid.com/wp-json/oembed/1.0/embed1b09.json]
[requid.com/quote-post-2/feed/index.html]
[requid.com/quote-post-2/index.html]
[requid.com/wp-json/oembed/1.0/embed0c7b]
[requid.com/wp-json/oembed/1.0/embedb5f5.json]
[requid.com/text-blog-post/feed/index.html]
[requid.com/text-blog-post/index.html]
[requid.com/wp-json/oembed/1.0/embedd807]
[requid.com/wp-json/oembed/1.0/embed5a4d.json]
[requid.com/blog-post-left-sidebar/feed/index.html]
[requid.com/wp-json/oembed/1.0/embed37cf]
[requid.com/wp-content/uploads/2016/03/1-4-900x900-1-e1457780809835.jpg]
[requid.com/wp-content/uploads/2016/03/8-2-thegem-gallery-justified.jpg]
[requid.com/wp-content/uploads/2016/03/8-2.jpg]
[requid.com/wp-content/uploads/2016/03/1-4-thegem-gallery-justified.jpg]
[requid.com/wp-content/uploads/2016/03/1-4.jpg]
[requid.com/wp-content/uploads/2016/03/2-3-thegem-gallery-justified.jpg]
[requid.com/wp-content/uploads/2016/03/2-3.jpg]
[requid.com/wp-content/uploads/2016/03/3-3-thegem-gallery-justified.jpg]
[requid.com/wp-content/uploads/2016/03/3-3.jpg]
[requid.com/wp-content/uploads/2016/03/5-2-thegem-gallery-justified.jpg]
[requid.com/wp-content/uploads/2016/03/5-2.jpg]
[requid.com/wp-content/uploads/2016/03/7-2-thegem-gallery-justified.jpg]
[requid.com/wp-content/uploads/2016/03/7-2.jpg]
[requid.com/blog-post-left-sidebar/index.html]
[requid.com/wp-content/themes/thegem/fonts/elegant/ElegantIcons.eot]
[requid.com/wp-content/themes/thegem/fonts/elegant/ElegantIconsd41d.eot]
[requid.com/wp-content/themes/thegem/fonts/elegant/ElegantIcons.woff]
[requid.com/wp-content/themes/thegem/fonts/elegant/ElegantIcons.ttf]
[requid.com/wp-content/themes/thegem/css/icons-elegant6e7a.css]
[requid.com/wp-content/themes/thegem/fonts/elegant/ElegantIcons.svg]
[requid.com/wp-content/themes/thegem/fonts/material/materialdesignicons.eot]
[requid.com/wp-content/themes/thegem/fonts/material/materialdesigniconsd41d.eot]
[requid.com/wp-content/themes/thegem/fonts/material/materialdesignicons.woff]
[requid.com/wp-content/themes/thegem/fonts/material/materialdesignicons.ttf]
[requid.com/wp-content/themes/thegem/css/icons-material6e7a.css]
[requid.com/wp-content/themes/thegem/css/thegem-hovers6e7a.css]
[requid.com/wp-content/themes/thegem/css/thegem-itemsAnimations6e7a.css]
[requid.com/wp-includes/js/mediaelement/mediaelementplayer-legacy.min45a0.css]
[requid.com/wp-content/themes/thegem/css/wp-mediaelement6e7a.css]
[requid.com/wp-content/themes/thegem/css/thegem-blog6e7a.css]
[requid.com/wp-includes/js/mediaelement/mejs-controls.svg]
[requid.com/wp-content/themes/thegem/fonts/material/materialdesignicons.svg]
[requid.com/blogpost-default-sidebar/feed/index.html]
[requid.com/wp-json/oembed/1.0/embede1a4.json]
[requid.com/wp-json/oembed/1.0/embedf504]
[democontent.codex-themes.com/thegem-apps/wp-content/uploads/2016/02/header-dark.144.delayed]
[requid.com/blogpost-default-sidebar/index.html]
[requid.com/category/multimedia/index.html]
[pinterest.com/pin/create/button/indexceba.html]
[requid.com/wp-content/themes/thegem/css/post-arrow.svg]
[requid.com/category/multimedia/feed/index.html]
[www.pinterest.com/pin/create/button/index5439.html]
[requid.com/wp-json/oembed/1.0/embed1d52.json]
[requid.com/post-with-video-lightbox/feed/index.html]
[requid.com/wp-json/oembed/1.0/embeddc1c]
[democontent.codex-themes.com/thegem-apps/wp-content/uploads/2016/03/BLOG-POST-RIGHT-SIDEBAR.jpg]
[requid.com/post-with-video-lightbox/index.html]
[requid.com/category/videos/index.html]
[requid.com/category/videos/feed/index.html]
[requid.com/blog-post-right-sidebar-3/index.html]
[requid.com/blog-post-right-sidebar-4/index.html]
[requid.com/wp-content/uploads/2016/03/5-666bc.jpg]
[requid.com/post-with-video-lightbox-3/index.html]
[requid.com/wp-json/oembed/1.0/embed3042.json]
[requid.com/blog-post-right-sidebar/feed/index.html]
[requid.com/blog-post-right-sidebar/index.html]
[requid.com/category/mountains/index.html]
[requid.com/wp-json/oembed/1.0/embed5d12]
[requid.com/category/mountains/feed/index.html]
[requid.com/wp-json/oembed/1.0/embedbe08.json]
[requid.com/fullwidth-post/feed/index.html]
[requid.com/wp-json/oembed/1.0/embede29b]
[democontent.codex-themes.com/thegem-apps/wp-content/uploads/2016/03/Fullwidth_Post_header.14d.delayed]
[requid.com/wp-content/uploads/2016/03/5-13-576x400.jpg]
[requid.com/wp-content/uploads/2016/03/10-10-576x400.jpg]
[requid.com/wp-content/uploads/2016/03/7-13-576x400.jpg]
[requid.com/wp-content/uploads/2016/03/4-13-576x440-576x400.jpg]
[requid.com/fullwidth-post/index.html]
[requid.com/wp-content/themes/thegem/css/thegem-additional-blog6e7a.css]
[requid.com/wp-content/themes/thegem/css/thegem-blog-timeline-new6e7a.css]
[requid.com/index18c0.html]
[democontent.codex-themes.com/thegem-apps/wp-content/uploads/2016/03/Fullwidth-Post-Sample-header.html]
[requid.com/tag/media/index.html]
[requid.com/tag/webdesign/index.html]
[requid.com/tag/media/feed/index.html]
[requid.com/tag/webdesign/page/2/index.html]
[requid.com/tag/media/page/2/index.html]
[requid.com/tag/webdesign/feed/index.html]
[requid.com/tag/media/page/4/index.html]
[requid.com/tag/webdesign/page/3/index.html]
[requid.com/sticky-blog-post-3/feed/index.html]
[requid.com/wp-json/oembed/1.0/embed03e0.json]
[requid.com/sticky-blog-post-3/index.html]
[requid.com/wp-json/oembed/1.0/embedf11b]
[requid.com/single-post/feed/index.html]
[requid.com/wp-json/oembed/1.0/embed6d01.json]
[requid.com/single-post/index.html]
[requid.com/wp-json/oembed/1.0/embed765d]
[requid.com/wp-json/oembed/1.0/embed1d0d.json]
[requid.com/blog-post-left-sidebar-5/feed/index.html]
[requid.com/blog-post-left-sidebar-5/index.html]
[requid.com/wp-json/oembed/1.0/embeda67e]
[requid.com/wp-json/oembed/1.0/embedd8eb.json]
[requid.com/post-with-gallery-slider-6/feed/index.html]
[requid.com/wp-json/oembed/1.0/embedf08e]
[requid.com/wp-content/uploads/2016/03/5-6-thegem-blog-default.jpg]
[requid.com/wp-content/uploads/2016/03/3-7-thegem-blog-default.jpg]
[requid.com/wp-content/uploads/2016/03/8-8-thegem-blog-default.jpg]
[requid.com/post-with-gallery-slider-6/index.html]
[requid.com/wp-json/oembed/1.0/embedfa93.json]
[requid.com/sticky-blog-post-2/feed/index.html]
[requid.com/sticky-blog-post-2/index.html]
[requid.com/wp-json/oembed/1.0/embed108c]
[requid.com/wp-json/oembed/1.0/embed26b8.json]
[requid.com/100-width-galleries-post-4/feed/index.html]
[requid.com/100-width-galleries-post-4/index.html]
[requid.com/wp-json/oembed/1.0/embed7976]
[requid.com/wp-json/oembed/1.0/embed82fd.json]
[requid.com/single-post-4/feed/index.html]
[requid.com/single-post-4/index.html]
[requid.com/wp-json/oembed/1.0/embed7012]
[requid.com/blog-post-left-sidebar-2/feed/index.html]
[requid.com/wp-json/oembed/1.0/embed366c.json]
[requid.com/blog-post-left-sidebar-2/index.html]
[requid.com/wp-json/oembed/1.0/embed9ab0]
[requid.com/wp-json/oembed/1.0/embed282c.json]
[requid.com/fullwidth-post-sample-5/feed/index.html]
[requid.com/fullwidth-post-sample-5/index.html]
[requid.com/wp-json/oembed/1.0/embed790b]
[requid.com/wp-json/oembed/1.0/embed28a9.json]
[requid.com/quote-post-4/feed/index.html]
[requid.com/quote-post-4/index.html]
[requid.com/wp-json/oembed/1.0/embed0ecd]
[requid.com/wp-json/oembed/1.0/embed79c6.json]
[requid.com/fullwidth-post-sample-3/feed/index.html]
[requid.com/fullwidth-post-sample-3/index.html]
[requid.com/wp-content/themes/thegem/css/hovers/thegem-hovers-default6e7a.css]
[requid.com/wp-content/themes/thegem/css/gallery6e7a.css]
[requid.com/index6287.html]
[requid.com/wp-json/oembed/1.0/embedd719]
[requid.com/wp-json/oembed/1.0/embedc0dd.json]
[requid.com/100-width-galleries-post-3/feed/index.html]
[requid.com/100-width-galleries-post-3/index.html]
[requid.com/tag/development/page/2/index.html]
[requid.com/wp-json/oembed/1.0/embedad32]
[requid.com/blog-post-2/feed/index.html]
[requid.com/wp-json/oembed/1.0/embedec3c.json]
[requid.com/tag/development/page/3/index.html]
[requid.com/blog-post-2/index.html]
[requid.com/category/nature/index.html]
[pinterest.com/pin/create/button/indexa2e2.html]
[requid.com/category/wordpress/index.html]
[requid.com/wp-json/oembed/1.0/embed1e2b]
[pinterest.com/pin/create/button/indexa2df.html]
[requid.com/category/nature/feed/index.html]
[requid.com/category/wordpress/feed/index.html]
[pinterest.com/pin/create/button/index154e.html]
[www.pinterest.com/pin/create/button/indexa50e.html]
[pinterest.com/pin/create/button/index3a6d.html]
[www.pinterest.com/pin/create/button/indexa358.html]
[pinterest.com/pin/create/button/indexe239.html]
[pinterest.com/pin/create/button/indexc2cf.html]
[www.pinterest.com/pin/create/button/index06b8.html]
[www.pinterest.com/pin/create/button/index6b35.html]
[requid.com/category/development/index.html]
[www.pinterest.com/pin/create/button/index7cf1.html]
[requid.com/category/fashion/index.html]
[requid.com/category/development/feed/index.html]
[www.pinterest.com/pin/create/button/index09cc.html]
[pinterest.com/pin/create/button/indexc71f.html]
[requid.com/category/fashion/feed/index.html]
[pinterest.com/pin/create/button/indexd6e1.html]
[www.pinterest.com/pin/create/button/indexd00b.html]
[www.pinterest.com/pin/create/button/index5046.html]
[requid.com/wp-json/oembed/1.0/embed002b.json]
[requid.com/blog-post-left-sidebar-4/feed/index.html]
[requid.com/blog-post-left-sidebar-4/index.html]
[pinterest.com/pin/create/button/indexe9b7.html]
[requid.com/category/shop/index.html]
[pinterest.com/pin/create/button/index62fc.html]
[requid.com/wp-json/oembed/1.0/embedfedf]
[requid.com/category/shop/feed/index.html]
[www.pinterest.com/pin/create/button/index7833.html]
[www.pinterest.com/pin/create/button/index99d5.html]
[requid.com/wp-content/uploads/2016/02/9-1-thegem-blog-default-large.jpg]
[requid.com/wp-content/uploads/2016/02/8-3-thegem-blog-default-large.jpg]
[requid.com/wp-content/uploads/2016/02/3-9-thegem-blog-default-large.jpg]
[requid.com/tag/development/page/4/index.html]
[requid.com/tag/finance/page/2/index.html]
[requid.com/tag/finance/page/3/index.html]
[requid.com/author/q9p4h1e8ot/page/2/index.html]
[requid.com/author/q9p4h1e8ot/page/3/index.html]
[requid.com/business-post-4/feed/index.html]
[requid.com/wp-json/oembed/1.0/embedfb07.json]
[requid.com/business-post-4/index.html]
[requid.com/category/business-04/index.html]
[pinterest.com/pin/create/button/indexab44.html]
[requid.com/wp-json/oembed/1.0/embedbe40]
[www.pinterest.com/pin/create/button/indexbc53.html]
[requid.com/category/business-04/feed/index.html]
[requid.com/business-post-3/feed/index.html]
[requid.com/wp-json/oembed/1.0/embed75ac.json]
[requid.com/business-post-3/index.html]
[pinterest.com/pin/create/button/index54f8.html]
[requid.com/wp-json/oembed/1.0/embed9ff0]
[www.pinterest.com/pin/create/button/index4faf.html]
[requid.com/business-post-5/feed/index.html]
[requid.com/wp-json/oembed/1.0/embedbf30.json]
[requid.com/business-post-5/index.html]
[pinterest.com/pin/create/button/indexc998.html]
[requid.com/wp-json/oembed/1.0/embed226b]
[www.pinterest.com/pin/create/button/indexde69.html]
[requid.com/blog-post-right-sidebar-5/feed/index.html]
[requid.com/wp-json/oembed/1.0/embed1f7e.json]
[requid.com/blog-post-right-sidebar-5/index.html]
[pinterest.com/pin/create/button/index49e5.html]
[requid.com/author/q9p4h1e8ot/page/5/index.html]
[requid.com/index885f.html]
[requid.com/category/web/index.html]
[requid.com/wp-json/oembed/1.0/embedb7f6]
[pinterest.com/pin/create/button/index2932.html]
[www.pinterest.com/pin/create/button/index84f4.html]
[requid.com/category/web/feed/index.html]
[www.pinterest.com/pin/create/button/index8a0c.html]
[requid.com/author/q9p4h1e8ot/page/4/index.html]
[requid.com/wp-json/oembed/1.0/embed65ef.json]
[requid.com/20-2/feed/index.html]
[requid.com/20-2/index.html]
[requid.com/wp-json/oembed/1.0/embed598f]
[requid.com/online-casinos-why-you-should-consider-it182/feed/index.html]
[requid.com/author/requid/index.html]
[requid.com/wp-json/oembed/1.0/embed1010.json]
[requid.com/online-casinos-why-you-should-consider-it182/index.html]
[requid.com/wp-json/oembed/1.0/embedd156]
[requid.com/online-casinos-why-you-should-consider-it330/feed/index.html]
[requid.com/wp-json/oembed/1.0/embedc13c.json]
[requid.com/online-casinos-why-you-should-consider-it330/index.html]
[requid.com/2020/04/index.html]
[requid.com/2020/02/index.html]
[requid.com/2020/01/index.html]
[requid.com/2016/03/index.html]
[requid.com/2016/01/index.html]
[requid.com/wp-json/oembed/1.0/embedcb17]
[requid.com/2015/12/index.html]
[requid.com/2016/03/page/4/index.html]
[requid.com/2020/index.html]
[requid.com/2015/11/index.html]
[requid.com/2016/index.html]
[requid.com/2016/03/page/2/index.html]
[requid.com/2015/10/index.html]
[requid.com/efficient-unleash-media/index.html]
[requid.com/2015/09/index.html]
[requid.com/2015/08/index.html]
[requid.com/2014/10/index.html]
[requid.com/proin-gravida-nibh-vel-velit-auctor-aliquet-aenean-2/index.html]
[requid.com/2014/09/index.html]
[requid.com/2014/03/index.html]
[requid.com/2014/01/index.html]
[requid.com/2012/03/index.html]
[requid.com/proin-gravida-nibh-vel-velit-auctor-aliquet-aenean/index.html]
[requid.com/category/blog/index.html]
[requid.com/2015/index.html]
[requid.com/category/news_post/index.html]
[requid.com/category/blog/feed/index.html]
[requid.com/2014/index.html]
[requid.com/category/plannig/index.html]
[requid.com/category/news_post/feed/index.html]
[requid.com/category/splash-creative-light/index.html]
[requid.com/2012/index.html]
[requid.com/category/uncategorized/index.html]
[requid.com/category/plannig/feed/index.html]
[requid.com/category/splash-creative-light/feed/index.html]
[requid.com/category/web-standards/index.html]
[requid.com/category/uncategorized/feed/index.html]
[requid.com/wp-includes/css/dashicons.min6e7a.css]
[requid.com/category/web-standards/feed/index.html]
[requid.com/wp-includes/css/buttons.min6e7a.css]
[requid.com/wp-admin/css/forms.min6e7a.css]
[requid.com/wp-admin/css/l10n.min6e7a.css]
[requid.com/wp-admin/css/login.min6e7a.css]
[requid.com/wp-login.html]
[requid.com/tag/events/index.html]
[requid.com/tag/mountains/index.html]
[requid.com/tag/multimedia/index.html]
[requid.com/wp-loginc2b6.html]
[requid.com/tag/events/feed/index.html]
[requid.com/tag/mountains/feed/index.html]
[requid.com/tag/nature/index.html]
[requid.com/tag/multimedia/feed/index.html]
[requid.com/tag/travelling/index.html]
[requid.com/tag/nature/feed/index.html]
[requid.com/index2480.html]
[requid.com/tag/travelling/feed/index.html]
[requid.com/fullwidth-post-sample-2/feed/index.html]
[requid.com/wp-json/oembed/1.0/embeddf0a.json]
[requid.com/fullwidth-post-sample-2/index.html]
[requid.com/wp-json/oembed/1.0/embed6ec3]
[requid.com/single-post-5/feed/index.html]
[requid.com/wp-json/oembed/1.0/embed54a8.json]
[requid.com/single-post-5/index.html]
[requid.com/wp-json/oembed/1.0/embed0693]
[requid.com/wp-json/oembed/1.0/embed5243.json]
[requid.com/blog-post-left-sidebar-3/feed/index.html]
[requid.com/blog-post-left-sidebar-3/index.html]
[requid.com/wp-json/oembed/1.0/embed8ede]
[requid.com/wp-json/oembed/1.0/embed411a.json]
[requid.com/blog-post/feed/index.html]
[requid.com/blog-post/index.html]
[requid.com/indexe892.html]
[pinterest.com/pin/create/button/index3e52.html]
[requid.com/indexbaa4.html]
[requid.com/indexc2f7.html]
[democontent.codex-themes.com/thegem-apps/wp-content/themes/TheGem/images/backgrounds/title/10.html]
[requid.com/wp-json/oembed/1.0/embed27c7]
[www.pinterest.com/pin/create/button/index4cf1.html]
[requid.com/wp-json/oembed/1.0/embedc145.json]
[requid.com/blog-post-right-sidebar-2/feed/index.html]
[requid.com/blog-post-right-sidebar-2/index.html]
[requid.com/index3086.html]
[requid.com/index1f35.html]
[requid.com/wp-json/oembed/1.0/embedbb1e]
[requid.com/wp-json/oembed/1.0/embedf7a7.json]
[requid.com/post-with-video-lightbox-7/feed/index.html]
[requid.com/post-with-video-lightbox-7/index.html]
[requid.com/index4ac2.html]
[requid.com/indexa41b.html]
[requid.com/index27db.html]
[requid.com/index3bc5.html]
[requid.com/index7ed0.html]
[requid.com/index4347.html]
[requid.com/wp-content/themes/thegem/fonts/elegant/ElegantIcons.svg]
[requid.com/wp-json/oembed/1.0/embed3c24]
[requid.com/wp-content/themes/thegem/fonts/material/materialdesignicons.svg]
[requid.com/wp-includes/js/mediaelement/mejs-controls.svg]
[requid.com/index8ac4.html]
[democontent.codex-themes.com/thegem-apps/wp-content/uploads/2016/02/header-dark.html]
[www.pinterest.com/pin/create/button/index5439.html]
[requid.com/index981e.html]
[democontent.codex-themes.com/thegem-apps/wp-content/uploads/2016/03/BLOG-POST-RIGHT-SIDEBAR.html]
[requid.com/post-with-video-lightbox-3/feed/index.html]
[requid.com/wp-json/oembed/1.0/embed83c5.json]
[requid.com/post-with-video-lightbox-3/index.html]
[requid.com/wp-json/oembed/1.0/embed04e1]
[requid.com/wp-json/oembed/1.0/embed5418.json]
[requid.com/blog-post-right-sidebar-4/feed/index.html]
[requid.com/blog-post-right-sidebar-4/index.html]
[requid.com/wp-json/oembed/1.0/embedde18]
[requid.com/blog-post-right-sidebar-3/feed/index.html]
[requid.com/wp-json/oembed/1.0/embedea5d.json]
[requid.com/blog-post-right-sidebar-3/index.html]
[requid.com/index40f7.html]
[requid.com/index7585.html]
[democontent.codex-themes.com/thegem-apps/wp-content/uploads/2016/03/Fullwidth_Post_header.html]
[requid.com/tag/media/page/2/index.html]
[requid.com/tag/media/page/4/index.html]
[requid.com/tag/webdesign/page/2/index.html]
[requid.com/tag/webdesign/page/3/index.html]
[requid.com/indexe342.html]
[requid.com/indexed1d.html]
[pinterest.com/pin/create/button/index7c5d.html]
[requid.com/indexab21.html]
[requid.com/index67c8.html]
[requid.com/indexc658.html]
[requid.com/index4bbc.html]
[requid.com/index7a1f.html]
[pinterest.com/pin/create/button/indexf88a.html]
[requid.com/wp-json/oembed/1.0/embed760e]
[requid.com/index18de.html]
[pinterest.com/pin/create/button/indexd4bd.html]
[requid.com/tag/media/page/3/index.html]
[requid.com/indexddaa.html]
[requid.com/index8e1b.html]
[requid.com/indexe0c2.html]
[pinterest.com/pin/create/button/index2b33.html]
[www.pinterest.com/pin/create/button/index99d7.html]
[www.pinterest.com/pin/create/button/indexb352.html]
[requid.com/indexd160.html]
[requid.com/tag/development/page/3/index.html]
[requid.com/index2687.html]
[www.pinterest.com/pin/create/button/indexa50e.html]
[www.pinterest.com/pin/create/button/indexa358.html]
[www.pinterest.com/pin/create/button/index6b35.html]
[www.pinterest.com/pin/create/button/index06b8.html]
[www.pinterest.com/pin/create/button/index7cf1.html]
[www.pinterest.com/pin/create/button/index09cc.html]
[pinterest.com/pin/create/button/index601a.html]
[pinterest.com/pin/create/button/index2394.html]
[www.pinterest.com/pin/create/button/index4acf.html]
[pinterest.com/pin/create/button/indexbb0b.html]
[www.pinterest.com/pin/create/button/index26e4.html]
[www.pinterest.com/pin/create/button/index1481.html]
[www.pinterest.com/pin/create/button/indexd00b.html]
[www.pinterest.com/pin/create/button/index5046.html]
[requid.com/index7ae5.html]
[www.pinterest.com/pin/create/button/index7833.html]
[www.pinterest.com/pin/create/button/index99d5.html]
[pinterest.com/pin/create/button/index0324.html]
[pinterest.com/pin/create/button/index7c5e.html]
[www.pinterest.com/pin/create/button/indexb35f.html]
[www.pinterest.com/pin/create/button/index9cf8.html]
[pinterest.com/pin/create/button/index69e3.html]
[requid.com/author/q9p4h1e8ot/page/3/index.html]
[requid.com/indexa9f6.html]
[www.pinterest.com/pin/create/button/indexbc53.html]
[requid.com/index1d4f.html]
[www.pinterest.com/pin/create/button/index4faf.html]
[requid.com/indexcda3.html]
[www.pinterest.com/pin/create/button/indexde69.html]
[requid.com/indexab0f.html]
[www.pinterest.com/pin/create/button/index84f4.html]
[requid.com/author/q9p4h1e8ot/page/4/index.html]
[www.pinterest.com/pin/create/button/index8a0c.html]
[requid.com/index7988.html]
[requid.com/author/requid/index.html]
[www.pinterest.com/pin/create/button/indexb23b.html]
[www.pinterest.com/pin/create/button/index5d57.html]
[requid.com/index93d2.html]
[requid.com/indexf956.html]
[www.pinterest.com/pin/create/button/indexe3e5.html]
[requid.com/2020/index.html]
[requid.com/2016/03/page/2/index.html]
[requid.com/author/requid/feed/index.html]
[requid.com/2016/index.html]
[requid.com/2016/03/page/4/index.html]
[requid.com/efficient-unleash-media/index.html]
[requid.com/proin-gravida-nibh-vel-velit-auctor-aliquet-aenean-2/index.html]
[requid.com/proin-gravida-nibh-vel-velit-auctor-aliquet-aenean/index.html]
[requid.com/2015/index.html]
[requid.com/2014/index.html]
[requid.com/2012/index.html]
[requid.com/wp-includes/css/dashicons.min6e7a.css]
[requid.com/wp-includes/css/buttons.min6e7a.css]
[requid.com/wp-admin/css/forms.min6e7a.css]
[requid.com/wp-admin/css/l10n.min6e7a.css]
[requid.com/wp-admin/css/login.min6e7a.css]
[requid.com/wp-loginc2b6.html]
[requid.com/index16b9.html]
[requid.com/index5db3.html]
[requid.com/index4727.html]
[requid.com/indexb862.html]
[www.pinterest.com/pin/create/button/index4cf1.html]
[requid.com/indexa3d1.html]
[requid.com/indexc5a9.html]
[requid.com/indexde6d.html]
[requid.com/index8df9.html]
[requid.com/index15b3.html]
[requid.com/tag/media/page/3/index.html]
[www.pinterest.com/pin/create/button/index99d7.html]
[www.pinterest.com/pin/create/button/indexb352.html]
[www.pinterest.com/pin/create/button/index4acf.html]
[www.pinterest.com/pin/create/button/index9cf8.html]
[www.pinterest.com/pin/create/button/index26e4.html]
[www.pinterest.com/pin/create/button/index1481.html]
[www.pinterest.com/pin/create/button/indexb35f.html]
[www.pinterest.com/pin/create/button/indexb23b.html]
[www.pinterest.com/pin/create/button/index5d57.html]
[www.pinterest.com/pin/create/button/indexe3e5.html]
[requid.com/2016/03/page/3/index.html]
[requid.com/2016/page/2/index.html]
[requid.com/2016/page/4/index.html]
[requid.com/efficient-unleash-media/feed/index.html]
[requid.com/index49b1.html]
[requid.com/wp-json/oembed/1.0/embed8c6d]
[requid.com/wp-json/oembed/1.0/embed8a23]
[requid.com/proin-gravida-nibh-vel-velit-auctor-aliquet-aenean-2/feed/index.html]
[requid.com/indexfbd5.html]
[requid.com/wp-json/oembed/1.0/embedc9c2]
[requid.com/wp-json/oembed/1.0/embedb67a]
[requid.com/proin-gravida-nibh-vel-velit-auctor-aliquet-aenean/feed/index.html]
[requid.com/index3ba0.html]
[requid.com/wp-json/oembed/1.0/embede30a]
[requid.com/wp-json/oembed/1.0/embedd82b]
[requid.com/wp-includes/fonts/dashicons2ce6.eot]
[requid.com/wp-includes/fonts/dashicons2ce6.ttf]
[requid.com/wp-admin/images/loading.gif]
[requid.com/wp-admin/images/w-logo-blue7a53.png]
[requid.com/wp-admin/images/wordpress-logo7d6b.svg]
